// Jest Snapshot v1, https://goo.gl/fbAQLP

exports[`DataDisplay Check the DataDisplay when data is empty 1`] = `
<div>
  Loading...
</div>
`;
